WARNING: We recommend using a newer Android Gradle plugin to use compileSdk = 35

This Android Gradle plugin (8.5.2) was tested up to compileSdk = 34.

You are strongly encouraged to update your project to use a newer
Android Gradle plugin that has been tested with compileSdk = 35.

If you are already using the latest version of the Android Gradle plugin,
you may need to wait until a newer version with support for compileSdk = 35 is available.

For more information refer to the compatibility table:
https://d.android.com/r/tools/api-level-support

To suppress this warning, add/update
    android.suppressUnsupportedCompileSdk=35
to this project's gradle.properties.
> Task :app:checkKotlinGradlePluginConfigurationErrors
> Task :app:preBuild UP-TO-DATE
> Task :app:preDebugBuild UP-TO-DATE
> Task :app:checkDebugAarMetadata UP-TO-DATE
> Task :app:generateDebugResValues UP-TO-DATE
> Task :app:processDebugGoogleServices UP-TO-DATE
> Task :app:mapDebugSourceSetPaths UP-TO-DATE
> Task :app:generateDebugResources UP-TO-DATE
> Task :app:mergeDebugResources UP-TO-DATE
> Task :app:packageDebugResources UP-TO-DATE
> Task :app:parseDebugLocalResources UP-TO-DATE
> Task :app:createDebugCompatibleScreenManifests UP-TO-DATE
> Task :app:extractDeepLinksDebug UP-TO-DATE
> Task :app:processDebugMainManifest UP-TO-DATE
> Task :app:processDebugManifest UP-TO-DATE
> Task :app:processDebugManifestForPackage UP-TO-DATE
> Task :app:processDebugResources UP-TO-DATE

> Task :app:compileDebugKotlin FAILED
./gradlew : e: file:///C:/Users/neale/OneDrive/Documents/Computer-Vision-Based-Smart-Shelf-with-Mobile-App-Monitoring-f
or-Perfume-Inventory-Management/app/src/main/java/com/ottoscents/smartshelf/MainActivity.kt:993:99 The integer literal 
does not conform to the expected type String
At line:1 char:1
+ ./gradlew compileDebugKotlin > build_output.log 2>&1 ; Select-String  ...
+ ~~~~~~~~~~~~~~~~~~~~~~~~~~~~~~~~~~~~~~~~~~~~~~~~~~~~
    + CategoryInfo          : NotSpecified: (e: file:///C:/U...ted type String:String) [], RemoteException
    + FullyQualifiedErrorId : NativeCommandError
 
e: file:///C:/Users/neale/OneDrive/Documents/Computer-Vision-Based-Smart-Shelf-with-Mobile-App-Monitoring-for-Perfume-I
nventory-Management/app/src/main/java/com/ottoscents/smartshelf/MainActivity.kt:993:191 The integer literal does not 
conform to the expected type String
e: file:///C:/Users/neale/OneDrive/Documents/Computer-Vision-Based-Smart-Shelf-with-Mobile-App-Monitoring-for-Perfume-I
nventory-Management/app/src/main/java/com/ottoscents/smartshelf/MainActivity.kt:993:285 The integer literal does not 
conform to the expected type String
e: file:///C:/Users/neale/OneDrive/Documents/Computer-Vision-Based-Smart-Shelf-with-Mobile-App-Monitoring-for-Perfume-I
nventory-Management/app/src/main/java/com/ottoscents/smartshelf/MainActivity.kt:993:379 The integer literal does not 
conform to the expected type String
e: file:///C:/Users/neale/OneDrive/Documents/Computer-Vision-Based-Smart-Shelf-with-Mobile-App-Monitoring-for-Perfume-I
nventory-Management/app/src/main/java/com/ottoscents/smartshelf/MainActivity.kt:993:471 The integer literal does not 
conform to the expected type String
e: file:///C:/Users/neale/OneDrive/Documents/Computer-Vision-Based-Smart-Shelf-with-Mobile-App-Monitoring-for-Perfume-I
nventory-Management/app/src/main/java/com/ottoscents/smartshelf/MainActivity.kt:993:561 The integer literal does not 
conform to the expected type String
e: file:///C:/Users/neale/OneDrive/Documents/Computer-Vision-Based-Smart-Shelf-with-Mobile-App-Monitoring-for-Perfume-I
nventory-Management/app/src/main/java/com/ottoscents/smartshelf/MainActivity.kt:1019:42 The integer literal does not 
conform to the expected type String
e: file:///C:/Users/neale/OneDrive/Documents/Computer-Vision-Based-Smart-Shelf-with-Mobile-App-Monitoring-for-Perfume-I
nventory-Management/app/src/main/java/com/ottoscents/smartshelf/MainActivity.kt:1019:46 Type mismatch: inferred type 
is String but Int was expected
e: file:///C:/Users/neale/OneDrive/Documents/Computer-Vision-Based-Smart-Shelf-with-Mobile-App-Monitoring-for-Perfume-I
nventory-Management/app/src/main/java/com/ottoscents/smartshelf/MainActivity.kt:1019:143 The integer literal does not 
conform to the expected type String
e: file:///C:/Users/neale/OneDrive/Documents/Computer-Vision-Based-Smart-Shelf-with-Mobile-App-Monitoring-for-Perfume-I
nventory-Management/app/src/main/java/com/ottoscents/smartshelf/MainActivity.kt:1019:147 Type mismatch: inferred type 
is String but Int was expected
e: file:///C:/Users/neale/OneDrive/Documents/Computer-Vision-Based-Smart-Shelf-with-Mobile-App-Monitoring-for-Perfume-I
nventory-Management/app/src/main/java/com/ottoscents/smartshelf/MainActivity.kt:1019:266 The integer literal does not 
conform to the expected type String
e: file:///C:/Users/neale/OneDrive/Documents/Computer-Vision-Based-Smart-Shelf-with-Mobile-App-Monitoring-for-Perfume-I
nventory-Management/app/src/main/java/com/ottoscents/smartshelf/MainActivity.kt:1019:269 Type mismatch: inferred type 
is String but Int was expected
e: file:///C:/Users/neale/OneDrive/Documents/Computer-Vision-Based-Smart-Shelf-with-Mobile-App-Monitoring-for-Perfume-I
nventory-Management/app/src/main/java/com/ottoscents/smartshelf/MainActivity.kt:1019:365 The integer literal does not 
conform to the expected type String
e: file:///C:/Users/neale/OneDrive/Documents/Computer-Vision-Based-Smart-Shelf-with-Mobile-App-Monitoring-for-Perfume-I
nventory-Management/app/src/main/java/com/ottoscents/smartshelf/MainActivity.kt:1019:369 Type mismatch: inferred type 
is String but Int was expected
e: file:///C:/Users/neale/OneDrive/Documents/Computer-Vision-Based-Smart-Shelf-with-Mobile-App-Monitoring-for-Perfume-I
nventory-Management/app/src/main/java/com/ottoscents/smartshelf/MainActivity.kt:1019:501 The integer literal does not 
conform to the expected type String
e: file:///C:/Users/neale/OneDrive/Documents/Computer-Vision-Based-Smart-Shelf-with-Mobile-App-Monitoring-for-Perfume-I
nventory-Management/app/src/main/java/com/ottoscents/smartshelf/MainActivity.kt:1019:505 Type mismatch: inferred type 
is String but Int was expected
e: file:///C:/Users/neale/OneDrive/Documents/Computer-Vision-Based-Smart-Shelf-with-Mobile-App-Monitoring-for-Perfume-I
nventory-Management/app/src/main/java/com/ottoscents/smartshelf/MainActivity.kt:1091:35 The floating-point literal 
does not conform to the expected type String
e: file:///C:/Users/neale/OneDrive/Documents/Computer-Vision-Based-Smart-Shelf-with-Mobile-App-Monitoring-for-Perfume-I
nventory-Management/app/src/main/java/com/ottoscents/smartshelf/MainActivity.kt:1091:41 Type mismatch: inferred type 
is String but Double was expected
e: file:///C:/Users/neale/OneDrive/Documents/Computer-Vision-Based-Smart-Shelf-with-Mobile-App-Monitoring-for-Perfume-I
nventory-Management/app/src/main/java/com/ottoscents/smartshelf/MainActivity.kt:1091:150 The floating-point literal 
does not conform to the expected type String
e: file:///C:/Users/neale/OneDrive/Documents/Computer-Vision-Based-Smart-Shelf-with-Mobile-App-Monitoring-for-Perfume-I
nventory-Management/app/src/main/java/com/ottoscents/smartshelf/MainActivity.kt:1091:156 Type mismatch: inferred type 
is String but Double was expected
e: file:///C:/Users/neale/OneDrive/Documents/Computer-Vision-Based-Smart-Shelf-with-Mobile-App-Monitoring-for-Perfume-I
nventory-Management/app/src/main/java/com/ottoscents/smartshelf/MainActivity.kt:1091:267 The floating-point literal 
does not conform to the expected type String
e: file:///C:/Users/neale/OneDrive/Documents/Computer-Vision-Based-Smart-Shelf-with-Mobile-App-Monitoring-for-Perfume-I
nventory-Management/app/src/main/java/com/ottoscents/smartshelf/MainActivity.kt:1091:273 Type mismatch: inferred type 
is String but Double was expected
e: file:///C:/Users/neale/OneDrive/Documents/Computer-Vision-Based-Smart-Shelf-with-Mobile-App-Monitoring-for-Perfume-I
nventory-Management/app/src/main/java/com/ottoscents/smartshelf/MainActivity.kt:1091:382 The floating-point literal 
does not conform to the expected type String
e: file:///C:/Users/neale/OneDrive/Documents/Computer-Vision-Based-Smart-Shelf-with-Mobile-App-Monitoring-for-Perfume-I
nventory-Management/app/src/main/java/com/ottoscents/smartshelf/MainActivity.kt:1091:388 Type mismatch: inferred type 
is String but Double was expected
e: file:///C:/Users/neale/OneDrive/Documents/Computer-Vision-Based-Smart-Shelf-with-Mobile-App-Monitoring-for-Perfume-I
nventory-Management/app/src/main/java/com/ottoscents/smartshelf/MainActivity.kt:1091:415 Null can not be a value of a 
non-null type String
e: file:///C:/Users/neale/OneDrive/Documents/Computer-Vision-Based-Smart-Shelf-with-Mobile-App-Monitoring-for-Perfume-I
nventory-Management/app/src/main/java/com/ottoscents/smartshelf/MainActivity.kt:1115:9 Unresolved reference: HelpTopic
e: file:///C:/Users/neale/OneDrive/Documents/Computer-Vision-Based-Smart-Shelf-with-Mobile-App-Monitoring-for-Perfume-I
nventory-Management/app/src/main/java/com/ottoscents/smartshelf/MainActivity.kt:1116:9 Unresolved reference: HelpTopic
e: file:///C:/Users/neale/OneDrive/Documents/Computer-Vision-Based-Smart-Shelf-with-Mobile-App-Monitoring-for-Perfume-I
nventory-Management/app/src/main/java/com/ottoscents/smartshelf/MainActivity.kt:1117:9 Unresolved reference: HelpTopic
e: file:///C:/Users/neale/OneDrive/Documents/Computer-Vision-Based-Smart-Shelf-with-Mobile-App-Monitoring-for-Perfume-I
nventory-Management/app/src/main/java/com/ottoscents/smartshelf/MainActivity.kt:1118:9 Unresolved reference: HelpTopic
e: file:///C:/Users/neale/OneDrive/Documents/Computer-Vision-Based-Smart-Shelf-with-Mobile-App-Monitoring-for-Perfume-I
nventory-Management/app/src/main/java/com/ottoscents/smartshelf/MainActivity.kt:1119:9 Unresolved reference: HelpTopic
e: file:///C:/Users/neale/OneDrive/Documents/Computer-Vision-Based-Smart-Shelf-with-Mobile-App-Monitoring-for-Perfume-I
nventory-Management/app/src/main/java/com/ottoscents/smartshelf/MainActivity.kt:1124:16 Overload resolution ambiguity: 
public inline fun <T> Iterable<TypeVariable(T)>.forEach(action: (TypeVariable(T)) -> Unit): Unit defined in 
kotlin.collections
public inline fun <K, V> Map<out TypeVariable(K), TypeVariable(V)>.forEach(action: (Map.Entry<TypeVariable(K), 
TypeVariable(V)>) -> Unit): Unit defined in kotlin.collections
e: file:///C:/Users/neale/OneDrive/Documents/Computer-Vision-Based-Smart-Shelf-with-Mobile-App-Monitoring-for-Perfume-I
nventory-Management/app/src/main/java/com/ottoscents/smartshelf/MainActivity.kt:1124:26 Cannot infer a type for this 
parameter. Please specify it explicitly.
e: file:///C:/Users/neale/OneDrive/Documents/Computer-Vision-Based-Smart-Shelf-with-Mobile-App-Monitoring-for-Perfume-I
nventory-Management/app/src/main/java/com/ottoscents/smartshelf/MainActivity.kt:1124:35 @Composable invocations can 
only happen from the context of a @Composable function
e: file:///C:/Users/neale/OneDrive/Documents/Computer-Vision-Based-Smart-Shelf-with-Mobile-App-Monitoring-for-Perfume-I
nventory-Management/app/src/main/java/com/ottoscents/smartshelf/MainActivity.kt:1130:34 Unresolved reference: HelpTopic
e: file:///C:/Users/neale/OneDrive/Documents/Computer-Vision-Based-Smart-Shelf-with-Mobile-App-Monitoring-for-Perfume-I
nventory-Management/app/src/main/java/com/ottoscents/smartshelf/MainActivity.kt:1138:143 Cannot infer a type for this 
parameter. Please specify it explicitly.
e: file:///C:/Users/neale/OneDrive/Documents/Computer-Vision-Based-Smart-Shelf-with-Mobile-App-Monitoring-for-Perfume-I
nventory-Management/app/src/main/java/com/ottoscents/smartshelf/MainActivity.kt:1138:150 Cannot infer a type for this 
parameter. Please specify it explicitly.
e: file:///C:/Users/neale/OneDrive/Documents/Computer-Vision-Based-Smart-Shelf-with-Mobile-App-Monitoring-for-Perfume-I
nventory-Management/app/src/main/java/com/ottoscents/smartshelf/MainActivity.kt:1138:163 @Composable invocations can 
only happen from the context of a @Composable function
e: file:///C:/Users/neale/OneDrive/Documents/Computer-Vision-Based-Smart-Shelf-with-Mobile-App-Monitoring-for-Perfume-I
nventory-Management/app/src/main/java/com/ottoscents/smartshelf/MainActivity.kt:1138:259 Overload resolution 
ambiguity: 
public fun Text(text: AnnotatedString, modifier: Modifier = ..., color: Color = ..., fontSize: TextUnit = ..., 
fontStyle: FontStyle? = ..., fontWeight: FontWeight? = ..., fontFamily: FontFamily? = ..., letterSpacing: TextUnit = 
..., textDecoration: TextDecoration? = ..., textAlign: TextAlign? = ..., lineHeight: TextUnit = ..., overflow: 
TextOverflow = ..., softWrap: Boolean = ..., maxLines: Int = ..., minLines: Int = ..., inlineContent: Map<String, 
InlineTextContent> = ..., onTextLayout: (TextLayoutResult) -> Unit = ..., style: TextStyle = ...): Unit defined in 
androidx.compose.material3
public fun Text(text: String, modifier: Modifier = ..., color: Color = ..., fontSize: TextUnit = ..., fontStyle: 
FontStyle? = ..., fontWeight: FontWeight? = ..., fontFamily: FontFamily? = ..., letterSpacing: TextUnit = ..., 
textDecoration: TextDecoration? = ..., textAlign: TextAlign? = ..., lineHeight: TextUnit = ..., overflow: TextOverflow 
= ..., softWrap: Boolean = ..., maxLines: Int = ..., minLines: Int = ..., onTextLayout: ((TextLayoutResult) -> Unit)? 
= ..., style: TextStyle = ...): Unit defined in androidx.compose.material3
e: file:///C:/Users/neale/OneDrive/Documents/Computer-Vision-Based-Smart-Shelf-with-Mobile-App-Monitoring-for-Perfume-I
nventory-Management/app/src/main/java/com/ottoscents/smartshelf/MainActivity.kt:1146:73 Null can not be a value of a 
non-null type String
e: file:///C:/Users/neale/OneDrive/Documents/Computer-Vision-Based-Smart-Shelf-with-Mobile-App-Monitoring-for-Perfume-I
nventory-Management/app/src/main/java/com/ottoscents/smartshelf/MainActivity.kt:1146:195 Null can not be a value of a 
non-null type String
e: file:///C:/Users/neale/OneDrive/Documents/Computer-Vision-Based-Smart-Shelf-with-Mobile-App-Monitoring-for-Perfume-I
nventory-Management/app/src/main/java/com/ottoscents/smartshelf/MainActivity.kt:1146:331 Null can not be a value of a 
non-null type String
e: file:///C:/Users/neale/OneDrive/Documents/Computer-Vision-Based-Smart-Shelf-with-Mobile-App-Monitoring-for-Perfume-I
nventory-Management/app/src/main/java/com/ottoscents/smartshelf/MainActivity.kt:1146:603 Null can not be a value of a 
non-null type String
e: file:///C:/Users/neale/OneDrive/Documents/Computer-Vision-Based-Smart-Shelf-with-Mobile-App-Monitoring-for-Perfume-I
nventory-Management/app/src/main/java/com/ottoscents/smartshelf/MainActivity.kt:1146:723 Null can not be a value of a 
non-null type String

[Incubating] Problems report is available at: file:///C:/Users/neale/OneDrive/Documents/Computer-Vision-Based-Smart-Shelf-with-Mobile-App-Monitoring-for-Perfume-Inventory-Management/build/reports/problems/problems-report.html

FAILURE: Build failed with an exception.

* What went wrong:
Execution failed for task ':app:compileDebugKotlin'.
> A failure occurred while executing 
org.jetbrains.kotlin.compilerRunner.GradleCompilerRunnerWithWorkers$GradleKotlinCompilerWorkAction
   > Compilation error. See log for more details

* Try:
> Run with --stacktrace option to get the stack trace.
> Run with --info or --debug option to get more log output.
> Run with --scan to generate a Build Scan (Powered by Develocity).
> Get more help at https://help.gradle.org.

Deprecated Gradle features were used in this build, making it incompatible with Gradle 10.

You can use '--warning-mode all' to show the individual deprecation warnings and determine if they come from your own scripts or plugins.

For more on this, please refer to https://docs.gradle.org/9.0.0/userguide/command_line_interface.html#sec:command_line_warnings in the Gradle documentation.

BUILD FAILED in 6s
16 actionable tasks: 2 executed, 14 up-to-date
